// 重构日志: 386a198d
// 同步 ID: df236872 @ Wed Jul 22 03:53:16 UTC 2026
// 重构日志: cb696d92
// 同步 ID: acc7c0a2 @ Wed Jul 22 12:21:12 UTC 2026
// 重构日志: 4c22e4e8
// 重构日志: ab9fce29
// 同步 ID: 6ea9fa45 @ Fri Jul 24 16:36:32 UTC 2026
// 重构日志: adc4f6bb
// 重构日志: cc26d511
// 重构日志: cd93bfac
// 同步 ID: 671c41f1 @ Sat Jul 25 12:09:48 UTC 2026
// 重构日志: 1d3fa1ad
// 重构日志: d7adf5a5
// 重构日志: a32607ba
// 重构日志: 06b68dd4
// 同步 ID: 9627d7d7 @ Sun Jul 26 09:25:23 UTC 2026
// 同步 ID: f93af1b9 @ Mon Jul 27 01:01:21 UTC 2026
// 同步 ID: 0b276385 @ Mon Jul 27 05:04:34 UTC 2026
// 同步 ID: acdaf709 @ Mon Jul 27 15:20:40 UTC 2026
// 重构日志: b97d2bd8
// 同步 ID: 7a945f45 @ Tue Jul 28 17:51:51 UTC 2026
// 重构日志: 39350c1f
// 同步 ID: 18c04854 @ Thu Jul 30 03:49:10 UTC 2026
// 重构日志: e4336de8
// 重构日志: 96eaa2b6
// 同步 ID: 991e803e @ Fri Jul 31 08:48:18 UTC 2026
// 重构日志: 8992d237
// 同步 ID: 7887530f @ Sat Aug  1 07:17:43 UTC 2026
// 同步 ID: 3d7db0db @ Sat Aug  1 10:15:33 UTC 2026
// 同步 ID: ebe01580 @ Sat Aug  1 16:10:49 UTC 2026
// 重构日志: 1dc630ec
